// Jest Snapshot v1, https://goo.gl/fbAQLP

exports[`App should render correctly 1`] = `
<Fragment>
  <Connect(ConnectionManager) />
  <Connect(Alerts) />
  <Page
    breadcrumb={null}
    className=""
    defaultManagedSidebarIsOpen={true}
    header={<Header />}
    isManagedSidebar={false}
    mainContainerId={null}
    onPageResize={[Function]}
    sidebar={null}
    skipToContent={null}
  >
    <Background />
    <PageSection
      style={
        Object {
          "display": "flex",
          "flexDirection": "column",
          "height": "100%",
          "overflowY": "auto",
        }
      }
    >
      <Switch>
        <Route
          component={
            Object {
              "$$typeof": Symbol(react.memo),
              "WrappedComponent": [Function],
              "compare": null,
              "displayName": "Connect(Demo)",
              "type": [Function],
            }
          }
          exact={true}
          key="/vrp/overview"
          path="/vrp/overview"
        />
        <Route
          component={
            Object {
              "$$typeof": Symbol(react.memo),
              "WrappedComponent": [Function],
              "compare": null,
              "displayName": "Connect(Demo)",
              "type": [Function],
            }
          }
          exact={true}
          key="/vrp/"
          path="/vrp/"
        />
        <Route
          component={
            Object {
              "$$typeof": Symbol(react.memo),
              "WrappedComponent": [Function],
              "compare": null,
              "displayName": "Connect(Vehicles)",
              "type": [Function],
            }
          }
          exact={true}
          key="/vrp/vehicles"
          path="/vrp/vehicles"
        />
        <Route
          component={
            Object {
              "$$typeof": Symbol(react.memo),
              "WrappedComponent": [Function],
              "compare": null,
              "displayName": "Connect(Visits)",
              "type": [Function],
            }
          }
          exact={true}
          key="/vrp/visits"
          path="/vrp/visits"
        />
        <Route
          component={
            Object {
              "$$typeof": Symbol(react.memo),
              "WrappedComponent": [Function],
              "compare": null,
              "displayName": "Connect(Route)",
              "type": [Function],
            }
          }
          exact={true}
          key="/vrp/routes"
          path="/vrp/routes"
        />
      </Switch>
    </PageSection>
  </Page>
</Fragment>
`;
