// Jest Snapshot v1, https://goo.gl/fbAQLP

exports[`Header component should match snapshot 1`] = `
<PageHeader
  logo={
    <Brand
      alt="CobraFlow Logo"
      src="./assets/images/cobra_large.gif"
    />
  }
  toolbar={<Toolsbar />}
  topNav={<withRouter(Navigation) />}
/>
`;
